[2026-07-22 09:42:44,869][root][INFO] - JAX backend=cpu | devices=[CpuDevice(id=0), CpuDevice(id=1), CpuDevice(id=2), CpuDevice(id=3), CpuDevice(id=4), CpuDevice(id=5), CpuDevice(id=6), CpuDevice(id=7), CpuDevice(id=8), CpuDevice(id=9), CpuDevice(id=10), CpuDevice(id=11)] | using 12
[2026-07-22 09:43:07,849][root][INFO] - Integration took 0.09468603134155273 seconds
[2026-07-22 09:43:08,762][root][INFO] - Integration took 0.06011486053466797 seconds
[2026-07-22 09:43:09,659][root][INFO] - Integration took 0.06071805953979492 seconds
[2026-07-22 09:43:10,478][root][INFO] - Integration took 0.06019878387451172 seconds
[2026-07-22 09:43:11,391][root][INFO] - Integration took 0.060398101806640625 seconds
[2026-07-22 09:43:12,202][root][INFO] - Integration took 0.0603327751159668 seconds
[2026-07-22 09:43:13,163][root][INFO] - Integration took 0.060488224029541016 seconds
[2026-07-22 09:43:13,971][root][INFO] - Integration took 0.060665130615234375 seconds
[2026-07-22 09:43:14,962][root][INFO] - Integration took 0.06061196327209473 seconds
[2026-07-22 09:43:15,776][root][INFO] - Integration took 0.06058812141418457 seconds
[2026-07-22 09:43:16,585][root][INFO] - Integration took 0.06109809875488281 seconds
[2026-07-22 09:43:17,622][root][INFO] - Integration took 0.06071591377258301 seconds
[2026-07-22 09:43:18,445][root][INFO] - Integration took 0.060562849044799805 seconds
[2026-07-22 09:43:19,258][root][INFO] - Integration took 0.061337947845458984 seconds
[2026-07-22 09:43:20,117][root][INFO] - Integration took 0.06138324737548828 seconds
[2026-07-22 09:43:20,928][root][INFO] - Integration took 0.06024813652038574 seconds
[2026-07-22 09:43:21,745][root][INFO] - Integration took 0.06165194511413574 seconds
[2026-07-22 09:43:22,560][root][INFO] - Integration took 0.06093597412109375 seconds
[2026-07-22 09:43:23,707][root][INFO] - Integration took 0.39162516593933105 seconds
[2026-07-22 09:43:24,522][root][INFO] - Integration took 0.06093716621398926 seconds
[2026-07-22 09:43:25,350][root][INFO] - Integration took 0.06199288368225098 seconds
[2026-07-22 09:43:26,167][root][INFO] - Integration took 0.06129789352416992 seconds
[2026-07-22 09:43:26,983][root][INFO] - Integration took 0.06106996536254883 seconds
[2026-07-22 09:43:28,215][root][INFO] - Integration took 0.06150984764099121 seconds
[2026-07-22 09:43:29,027][root][INFO] - Integration took 0.06122303009033203 seconds
[2026-07-22 09:43:29,846][root][INFO] - Integration took 0.061006784439086914 seconds
[2026-07-22 09:43:30,664][root][INFO] - Integration took 0.06077885627746582 seconds
[2026-07-22 09:43:31,489][root][INFO] - Integration took 0.06119203567504883 seconds
[2026-07-22 09:43:32,300][root][INFO] - Integration took 0.061784982681274414 seconds
[2026-07-22 09:43:33,625][root][INFO] - Integration took 0.061135053634643555 seconds
[2026-07-22 09:43:34,672][root][INFO] - warm_start=decomposition: seeding monolithic from rollout_trajectories_iterate_0.npz (aux=[0.5, 0.5, 0.5, 0.5, 0.5, 0.5, 0.5, 0.5, 0.5, 0.5, 0.5, 0.5, 0.5, 0.5, 0.5, 0.5, 0.5, 0.5, 0.5, 0.5, 0.5, 0.5, 0.5, 0.5, 0.5, 0.5, 0.5, 0.5, 0.5, 0.5]).
[2026-07-22 09:44:46,944][root][INFO] - SQP start: n_d=205 n_g=324 max_iter=500 tol_stat=2.0e-02 tol_feas=1.0e-04
[2026-07-22 09:49:29,056][root][INFO] - SQP iter   0: stationarity=9.823e-01 feasibility=5.447e-03 obj=-25.75969 penalty=2.39e+01 worst@1=9.82e-01
[2026-07-22 09:49:31,678][root][INFO] - SQP iter   1: stationarity=9.552e-01 feasibility=7.804e-03 obj=-26.00209 penalty=2.39e+01 worst@29=9.55e-01
[2026-07-22 09:49:34,115][root][INFO] - SQP iter   2: stationarity=9.512e-01 feasibility=2.585e-05 obj=-26.32936 penalty=2.39e+01 worst@29=9.51e-01
[2026-07-22 09:49:36,570][root][INFO] - SQP iter   3: stationarity=1.000e+00 feasibility=1.671e-04 obj=-27.07440 penalty=2.39e+01 worst@0=1.00e+00
[2026-07-22 09:49:39,020][root][INFO] - SQP iter   4: stationarity=9.233e-01 feasibility=1.167e-02 obj=-28.22903 penalty=2.39e+01 worst@29=9.23e-01
[2026-07-22 09:49:41,475][root][INFO] - SQP iter   5: stationarity=9.074e-01 feasibility=1.100e-03 obj=-28.78460 penalty=6.83e+01 worst@29=9.07e-01
[2026-07-22 09:49:43,932][root][INFO] - SQP iter   6: stationarity=8.640e-01 feasibility=5.921e-03 obj=-29.98990 penalty=6.83e+01 worst@29=8.64e-01
[2026-07-22 09:49:46,387][root][INFO] - SQP iter   7: stationarity=8.295e-01 feasibility=2.593e-03 obj=-30.36253 penalty=9.63e+01 worst@1=8.30e-01
[2026-07-22 09:49:48,842][root][INFO] - SQP iter   8: stationarity=8.600e-01 feasibility=1.464e-02 obj=-31.06571 penalty=9.63e+01 worst@30=8.60e-01
[2026-07-22 09:49:51,297][root][INFO] - SQP iter   9: stationarity=8.578e-01 feasibility=2.813e-04 obj=-31.08791 penalty=9.63e+01 worst@30=8.58e-01
[2026-07-22 09:49:53,745][root][INFO] - SQP iter  10: stationarity=8.565e-01 feasibility=7.063e-05 obj=-31.13631 penalty=9.62e+01 worst@30=8.56e-01
[2026-07-22 09:49:56,177][root][INFO] - SQP iter  11: stationarity=8.027e-01 feasibility=1.229e-03 obj=-31.26445 penalty=9.61e+01 worst@23=8.03e-01
[2026-07-22 09:49:58,629][root][INFO] - SQP iter  12: stationarity=8.567e-01 feasibility=2.558e-04 obj=-31.34503 penalty=9.61e+01 worst@30=8.57e-01
[2026-07-22 09:50:01,079][root][INFO] - SQP iter  13: stationarity=8.041e-01 feasibility=1.280e-03 obj=-31.48575 penalty=9.61e+01 worst@23=8.04e-01
[2026-07-22 09:50:03,533][root][INFO] - SQP iter  14: stationarity=8.046e-01 feasibility=4.086e-03 obj=-31.58818 penalty=9.61e+01 worst@23=8.05e-01
[2026-07-22 09:50:05,990][root][INFO] - SQP iter  15: stationarity=8.054e-01 feasibility=2.960e-03 obj=-31.65072 penalty=9.61e+01 worst@23=8.05e-01
[2026-07-22 09:50:08,440][root][INFO] - SQP iter  16: stationarity=8.052e-01 feasibility=1.156e-04 obj=-31.66729 penalty=9.61e+01 worst@23=8.05e-01
[2026-07-22 09:50:10,878][root][INFO] - SQP iter  17: stationarity=8.038e-01 feasibility=1.320e-03 obj=-31.73411 penalty=9.60e+01 worst@23=8.04e-01
[2026-07-22 09:50:13,330][root][INFO] - SQP iter  18: stationarity=8.573e-01 feasibility=5.622e-04 obj=-31.75930 penalty=9.60e+01 worst@30=8.57e-01
[2026-07-22 09:50:15,791][root][INFO] - SQP iter  19: stationarity=6.951e-01 feasibility=6.211e-06 obj=-31.76366 penalty=9.59e+01 worst@5=6.95e-01
[2026-07-22 09:50:18,248][root][INFO] - SQP iter  20: stationarity=8.573e-01 feasibility=7.231e-04 obj=-31.79420 penalty=9.58e+01 worst@30=8.57e-01
[2026-07-22 09:50:20,715][root][INFO] - SQP iter  21: stationarity=8.037e-01 feasibility=7.767e-04 obj=-31.81260 penalty=9.57e+01 worst@23=8.04e-01
[2026-07-22 09:50:23,152][root][INFO] - SQP iter  22: stationarity=8.573e-01 feasibility=5.010e-04 obj=-31.83238 penalty=9.56e+01 worst@30=8.57e-01
[2026-07-22 09:50:25,602][root][INFO] - SQP iter  23: stationarity=7.621e-01 feasibility=5.896e-05 obj=-31.84524 penalty=9.55e+01 worst@35=7.62e-01
[2026-07-22 09:50:28,076][root][INFO] - SQP iter  24: stationarity=8.573e-01 feasibility=2.408e-04 obj=-31.86655 penalty=9.54e+01 worst@30=8.57e-01
[2026-07-22 09:50:30,561][root][INFO] - SQP iter  25: stationarity=8.037e-01 feasibility=2.781e-04 obj=-31.88313 penalty=9.53e+01 worst@23=8.04e-01
[2026-07-22 09:50:33,006][root][INFO] - SQP iter  26: stationarity=8.039e-01 feasibility=2.847e-04 obj=-31.88752 penalty=9.52e+01 worst@23=8.04e-01
[2026-07-22 09:50:35,473][root][INFO] - SQP iter  27: stationarity=8.041e-01 feasibility=3.531e-05 obj=-31.88870 penalty=9.51e+01 worst@23=8.04e-01
[2026-07-22 09:50:37,921][root][INFO] - SQP iter  28: stationarity=8.042e-01 feasibility=2.442e-05 obj=-31.88964 penalty=9.50e+01 worst@23=8.04e-01
[2026-07-22 09:50:40,378][root][INFO] - SQP iter  29: stationarity=8.034e-01 feasibility=5.200e-06 obj=-31.89069 penalty=9.49e+01 worst@23=8.03e-01
[2026-07-22 09:50:42,825][root][INFO] - SQP iter  30: stationarity=6.859e-01 feasibility=1.181e-05 obj=-31.89219 penalty=9.48e+01 worst@12=6.86e-01
[2026-07-22 09:50:45,269][root][INFO] - SQP iter  31: stationarity=7.309e-01 feasibility=1.489e-04 obj=-31.89513 penalty=9.47e+01 worst@24=7.31e-01
[2026-07-22 09:50:47,725][root][INFO] - SQP iter  32: stationarity=6.843e-01 feasibility=8.354e-08 obj=-31.89499 penalty=9.46e+01 worst@8=6.84e-01
[2026-07-22 09:50:50,185][root][INFO] - SQP iter  33: stationarity=6.741e-01 feasibility=1.061e-06 obj=-31.89515 penalty=9.45e+01 worst@3=6.74e-01
[2026-07-22 09:50:52,676][root][INFO] - SQP iter  34: stationarity=1.263e-01 feasibility=1.288e-07 obj=-31.89519 penalty=9.44e+01 worst@4=1.26e-01
[2026-07-22 09:50:55,135][root][INFO] - SQP iter  35: stationarity=2.294e-01 feasibility=1.826e-07 obj=-31.89520 penalty=9.43e+01 worst@5=2.29e-01
[2026-07-22 09:50:57,641][root][INFO] - SQP iter  36: stationarity=7.528e-01 feasibility=6.144e-05 obj=-31.89524 penalty=9.42e+01 worst@23=7.53e-01
[2026-07-22 09:51:00,093][root][INFO] - SQP iter  37: stationarity=7.550e-01 feasibility=7.781e-06 obj=-31.89522 penalty=9.42e+01 worst@23=7.55e-01
[2026-07-22 09:51:02,543][root][INFO] - SQP iter  38: stationarity=6.848e-01 feasibility=2.202e-06 obj=-31.89524 penalty=9.41e+01 worst@9=6.85e-01
[2026-07-22 09:51:04,992][root][INFO] - SQP iter  39: stationarity=2.006e-01 feasibility=3.215e-07 obj=-31.89525 penalty=9.40e+01 worst@9=2.01e-01
[2026-07-22 09:51:07,444][root][INFO] - SQP iter  40: stationarity=2.270e-02 feasibility=1.359e-10 obj=-31.89525 penalty=9.39e+01 worst@2=2.27e-02
[2026-07-22 09:51:09,880][root][INFO] - SQP iter  41: stationarity=2.145e-02 feasibility=1.362e-10 obj=-31.89525 penalty=9.38e+01 worst@2=2.14e-02
[2026-07-22 09:51:12,333][root][INFO] - SQP iter  42: stationarity=2.134e-02 feasibility=1.348e-10 obj=-31.89525 penalty=9.37e+01 worst@2=2.13e-02
[2026-07-22 09:51:14,758][root][INFO] - SQP iter  43: stationarity=2.124e-02 feasibility=1.335e-10 obj=-31.89525 penalty=9.36e+01 worst@2=2.12e-02
[2026-07-22 09:51:17,207][root][INFO] - SQP iter  44: stationarity=2.113e-02 feasibility=1.321e-10 obj=-31.89525 penalty=9.35e+01 worst@2=2.11e-02
[2026-07-22 09:51:19,670][root][INFO] - SQP iter  45: stationarity=2.103e-02 feasibility=1.308e-10 obj=-31.89525 penalty=9.34e+01 worst@2=2.10e-02
[2026-07-22 09:51:22,110][root][INFO] - SQP iter  46: stationarity=2.092e-02 feasibility=1.295e-10 obj=-31.89525 penalty=9.33e+01 worst@2=2.09e-02
[2026-07-22 09:51:24,540][root][INFO] - SQP iter  47: stationarity=2.082e-02 feasibility=1.282e-10 obj=-31.89525 penalty=9.32e+01 worst@2=2.08e-02
[2026-07-22 09:51:26,986][root][INFO] - SQP iter  48: stationarity=2.071e-02 feasibility=1.269e-10 obj=-31.89525 penalty=9.31e+01 worst@2=2.07e-02
[2026-07-22 09:51:29,439][root][INFO] - SQP iter  49: stationarity=2.061e-02 feasibility=1.256e-10 obj=-31.89525 penalty=9.30e+01 worst@2=2.06e-02
[2026-07-22 09:51:31,866][root][INFO] - SQP iter  50: stationarity=2.051e-02 feasibility=1.244e-10 obj=-31.89525 penalty=9.29e+01 worst@2=2.05e-02
[2026-07-22 09:51:34,316][root][INFO] - SQP iter  51: stationarity=2.041e-02 feasibility=1.231e-10 obj=-31.89525 penalty=9.28e+01 worst@2=2.04e-02
[2026-07-22 09:51:36,782][root][INFO] - SQP iter  52: stationarity=2.031e-02 feasibility=1.219e-10 obj=-31.89525 penalty=9.27e+01 worst@2=2.03e-02
[2026-07-22 09:51:39,212][root][INFO] - SQP iter  53: stationarity=2.020e-02 feasibility=1.207e-10 obj=-31.89525 penalty=9.27e+01 worst@2=2.02e-02
[2026-07-22 09:51:41,639][root][INFO] - SQP iter  54: stationarity=2.010e-02 feasibility=1.195e-10 obj=-31.89525 penalty=9.26e+01 worst@2=2.01e-02
[2026-07-22 09:51:44,073][root][INFO] - SQP iter  55: stationarity=2.000e-02 feasibility=1.183e-10 obj=-31.89525 penalty=9.25e+01 worst@2=2.00e-02
[2026-07-22 09:51:46,509][root][INFO] - SQP iter  56: stationarity=1.991e-02 feasibility=1.171e-10 obj=-31.89525 penalty=9.24e+01 worst@2=1.99e-02
[2026-07-22 09:51:46,572][root][INFO] - SQP stationarity top-5 [final] 2:1.99e-02, 1:1.44e-02, 3:8.31e-03, 41:5.17e-03, 40:5.06e-03
[2026-07-22 09:51:46,572][root][INFO] - SQP worst-index frequency [idx(count)] 2(17), 23(14), 30(8), 29(5), 1(2)
[2026-07-22 09:51:46,572][root][INFO] - SQP converged at iter 56: obj=-31.89525
[2026-07-22 09:51:48,271][root][INFO] - Monolithic solver finished successfully, objective value -3.189525e+01
[2026-07-22 09:51:48,272][root][INFO] - Design variables for node 0: [0.74286956]
[2026-07-22 09:51:48,272][root][INFO] - Design variables for node 1: [0.64690969]
[2026-07-22 09:51:48,272][root][INFO] - Design variables for node 2: [0.65904839]
[2026-07-22 09:51:48,272][root][INFO] - Design variables for node 3: [0.64538917]
[2026-07-22 09:51:48,272][root][INFO] - Design variables for node 4: [0.64615035]
[2026-07-22 09:51:48,273][root][INFO] - Design variables for node 5: [0.64133613]
[2026-07-22 09:51:48,273][root][INFO] - Design variables for node 6: [0.64022456]
[2026-07-22 09:51:48,273][root][INFO] - Design variables for node 7: [0.63816779]
[2026-07-22 09:51:48,273][root][INFO] - Design variables for node 8: [0.63719043]
[2026-07-22 09:51:48,273][root][INFO] - Design variables for node 9: [0.63618031]
[2026-07-22 09:51:48,273][root][INFO] - Design variables for node 10: [0.63555024]
[2026-07-22 09:51:48,273][root][INFO] - Design variables for node 11: [0.6350151]
[2026-07-22 09:51:48,273][root][INFO] - Design variables for node 12: [0.63464257]
[2026-07-22 09:51:48,273][root][INFO] - Design variables for node 13: [0.63434914]
[2026-07-22 09:51:48,273][root][INFO] - Design variables for node 14: [0.6393179]
[2026-07-22 09:51:48,273][root][INFO] - Design variables for node 15: [0.63525003]
[2026-07-22 09:51:48,273][root][INFO] - Design variables for node 16: [0.63566445]
[2026-07-22 09:51:48,274][root][INFO] - Design variables for node 17: [0.6345586]
[2026-07-22 09:51:48,274][root][INFO] - Design variables for node 18: [0.63445027]
[2026-07-22 09:51:48,274][root][INFO] - Design variables for node 19: [0.63405339]
[2026-07-22 09:51:48,274][root][INFO] - Design variables for node 20: [0.64611526]
[2026-07-22 09:51:48,274][root][INFO] - Design variables for node 21: [0.64381635]
[2026-07-22 09:51:48,274][root][INFO] - Design variables for node 22: [0.40071342]
[2026-07-22 09:51:48,274][root][INFO] - Design variables for node 23: [0.43920394]
[2026-07-22 09:51:48,274][root][INFO] - Design variables for node 24: [0.48191398]
[2026-07-22 09:51:48,274][root][INFO] - Design variables for node 25: [0.51461577]
[2026-07-22 09:51:48,274][root][INFO] - Design variables for node 26: [0.63099361]
[2026-07-22 09:51:48,274][root][INFO] - Design variables for node 27: [0.42378469]
[2026-07-22 09:51:48,274][root][INFO] - Design variables for node 28: [0.34502389]
[2026-07-22 09:51:48,274][root][INFO] - Design variables for node 29: [0.29388827]
[2026-07-22 09:51:49,929][root][INFO] - Saved monolithic policy (30-d, aux=[0.5]) to monolithic_policy.xlsx
[2026-07-22 09:51:49,943][root][INFO] - Direct method multiple_shooting completed with outputs: SQPResult(success=True, objective=Array(-31.89524665, dtype=float64), decision_variables=Array([ 0.5       ,  0.74286956,  0.64690969,  0.65904839,  0.64538917,
        0.64615035,  0.64133613,  0.64022456,  0.63816779,  0.63719043,
        0.63618031,  0.63555024,  0.6350151 ,  0.63464257,  0.63434914,
        0.6393179 ,  0.63525003,  0.63566445,  0.6345586 ,  0.63445027,
        0.63405339,  0.64611526,  0.64381635,  0.40071342,  0.43920394,
        0.48191398,  0.51461577,  0.63099361,  0.42378469,  0.34502389,
        0.29388827,  0.3593315 ,  0.71968404, 56.4170585 ,  2.43837075,
       10.23405119, 57.83555806,  0.3529611 ,  0.74112623, 59.19093016,
        2.42879659,  8.18199712, 62.1553167 ,  0.34604983,  0.75083839,
       60.66276698,  2.50248764,  8.16862561, 63.70334181,  0.342384  ,
        0.76015299, 61.41298736,  2.49699469,  7.7420898 , 64.79808528,
        0.33902679,  0.76603399, 61.80677692,  2.51879753,  7.63553931,
       65.29695159,  0.33684437,  0.77089066, 62.01204943,  2.52187366,
        7.46391831, 65.64339255,  0.3350744 ,  0.77427658, 62.12000982,
        2.53012873,  7.3821039 , 65.82385312,  0.33382459,  0.77691029,
       62.17679308,  2.53330749,  7.30108608, 65.9480624 ,  0.33285899,
        0.77882466, 62.20675653,  2.53702848,  7.25088584, 66.02107645,
        0.33215331,  0.78027953, 62.22258251,  2.53913116,  7.20901054,
       66.07192612,  0.3316184 ,  0.78135567, 62.23095343,  2.54100544,
        7.18003238, 66.10482204,  0.33122185,  0.78216619, 62.23538437,
        2.54225288,  7.15740266, 66.12820765,  0.33092348,  0.78277011,
       62.23773146,  2.54325371,  7.14100304, 66.14435324,  0.33070096,
        0.78322342, 62.2389753 ,  2.54396747,  7.12852087, 66.1560536 ,
        0.33002211,  0.77807428, 61.29128033,  2.56280165,  6.93931058,
       65.42078497,  0.33006068,  0.77409947, 59.01765501,  2.55389697,
        6.93780786, 63.34806142,  0.32994148,  0.77088808, 57.81251913,
        2.55436187,  6.99138025, 62.09166562,  0.32995086,  0.76864984,
       57.17509404,  2.55116508,  7.00854582, 61.43104453,  0.32992946,
        0.76693857, 56.83719205,  2.55044898,  7.03279514, 61.06834723,
        0.32994057,  0.76570557, 56.6581076 ,  2.54910393,  7.04565759,
       60.87427056,  0.32765214,  0.76292456, 56.56182795,  2.53742802,
        7.24213482, 60.62751671,  0.3257169 ,  0.76138116, 56.51149781,
        2.54118486,  7.22245106, 60.57984803,  0.36902988,  0.82111006,
       48.15413571,  2.62102059,  5.17436491, 54.86925862,  0.41014839,
        0.86746224, 42.12716459,  2.5817405 ,  5.47108261, 48.96467966,
        0.4453387 ,  0.90679889, 37.94796045,  2.57991698,  5.863239  ,
       44.83253057,  0.4750139 ,  0.9397205 , 35.23276724,  2.56635075,
        6.12721623, 42.19179484,  0.45322698,  0.87462894, 28.09442272,
        1.85610385,  4.46960899, 36.4169925 ,  0.44953516,  0.84840218,
       25.29067101,  1.28594533,  2.84042256, 33.75229194,  0.44501842,
        0.82832862, 23.74040658,  1.04241516,  2.27886191, 32.16030708],      dtype=float64), multipliers=Array([ 0.00000000e+00,  0.00000000e+00,  0.00000000e+00,  0.00000000e+00,
        0.00000000e+00, -1.03465949e+00,  0.00000000e+00,  0.00000000e+00,
        0.00000000e+00,  0.00000000e+00, -4.28673975e-01,  0.00000000e+00,
        0.00000000e+00,  0.00000000e+00,  0.00000000e+00, -6.68847744e-01,
        0.00000000e+00,  0.00000000e+00,  0.00000000e+00,  0.00000000e+00,
       -5.60059042e-01,  0.00000000e+00,  0.00000000e+00,  0.00000000e+00,
        0.00000000e+00, -6.20152695e-01,  0.00000000e+00,  0.00000000e+00,
        0.00000000e+00,  0.00000000e+00, -5.98567855e-01,  0.00000000e+00,
        0.00000000e+00,  0.00000000e+00,  0.00000000e+00, -6.15071078e-01,
        0.00000000e+00,  0.00000000e+00,  0.00000000e+00,  0.00000000e+00,
       -6.10405365e-01,  0.00000000e+00,  0.00000000e+00,  0.00000000e+00,
        0.00000000e+00, -6.18766951e-01,  0.00000000e+00,  0.00000000e+00,
        0.00000000e+00,  0.00000000e+00, -6.12272146e-01,  0.00000000e+00,
        0.00000000e+00,  0.00000000e+00,  0.00000000e+00, -6.29685638e-01,
        0.00000000e+00,  0.00000000e+00,  0.00000000e+00,  0.00000000e+00,
       -5.99644315e-01,  0.00000000e+00,  0.00000000e+00,  0.00000000e+00,
        0.00000000e+00, -6.68425673e-01,  0.00000000e+00,  0.00000000e+00,
        0.00000000e+00,  0.00000000e+00, -5.70712636e-01,  0.00000000e+00,
        0.00000000e+00,  0.00000000e+00,  0.00000000e+00, -6.24052017e-01,
        0.00000000e+00,  0.00000000e+00,  0.00000000e+00,  0.00000000e+00,
       -5.97340589e-01,  0.00000000e+00,  0.00000000e+00,  0.00000000e+00,
        0.00000000e+00, -6.07258181e-01,  0.00000000e+00,  0.00000000e+00,
        0.00000000e+00,  0.00000000e+00, -6.12245231e-01,  0.00000000e+00,
        0.00000000e+00,  0.00000000e+00,  0.00000000e+00, -5.98203593e-01,
        0.00000000e+00,  0.00000000e+00,  0.00000000e+00,  0.00000000e+00,
       -6.39982117e-01,  0.00000000e+00,  0.00000000e+00,  0.00000000e+00,
        0.00000000e+00, -5.30373499e-01,  0.00000000e+00,  0.00000000e+00,
        0.00000000e+00,  0.00000000e+00, -6.86650876e-01,  0.00000000e+00,
        0.00000000e+00,  0.00000000e+00,  0.00000000e+00, -9.29486598e-01,
        0.00000000e+00,  0.00000000e+00,  0.00000000e+00,  0.00000000e+00,
       -5.66690776e-01,  0.00000000e+00,  0.00000000e+00,  0.00000000e+00,
        0.00000000e+00, -1.23063776e+00,  0.00000000e+00,  0.00000000e+00,
        0.00000000e+00,  0.00000000e+00,  0.00000000e+00,  0.00000000e+00,
        0.00000000e+00, -7.08160140e+00,  0.00000000e+00,  0.00000000e+00,
        0.00000000e+00,  0.00000000e+00, -1.25856144e+01,  0.00000000e+00,
        0.00000000e+00,  0.00000000e+00,  0.00000000e+00, -1.61317093e+01,
        0.00000000e+00,  0.00000000e+00,  0.00000000e+00,  0.00000000e+00,
       -1.82707829e+01,  0.00000000e+00, -3.28966435e+00, -1.36260246e+00,
        2.44683205e-03,  1.21712875e+00, -9.23173072e-01, -2.28808496e-03,
       -3.39779863e+00, -1.24471720e+00, -6.17876398e-04, -1.23174128e+00,
       -1.87362465e+00,  3.37340090e-03, -3.49701444e+00, -1.22418128e+00,
        2.25480435e-04, -4.50831355e-01, -1.64600322e+00, -1.26474407e-03,
       -3.55608604e+00, -1.18512121e+00, -9.25416040e-05, -8.61369946e-01,
       -1.78698700e+00,  6.04138260e-04, -3.60586300e+00, -1.16848580e+00,
        2.95562744e-05, -6.62347791e-01, -1.73548816e+00, -2.88266330e-04,
       -3.63861958e+00, -1.15037523e+00, -3.07848627e-05, -7.45867612e-01,
       -1.76659550e+00,  1.25444133e-04, -3.66263976e+00, -1.13908507e+00,
       -1.96340643e-05, -6.92744733e-01, -1.75580135e+00, -6.62651949e-05,
       -3.67728844e+00, -1.12845961e+00, -5.40588067e-05, -7.07770857e-01,
       -1.76358595e+00,  2.52806985e-05, -3.68471620e+00, -1.12006143e+00,
       -9.34531697e-05, -6.82524687e-01, -1.75964797e+00, -1.63478999e-05,
       -3.68540200e+00, -1.11119220e+00, -1.79626763e-04, -6.89073498e-01,
       -1.76303192e+00,  4.32480444e-06, -3.67834852e+00, -1.10310211e+00,
       -3.36736474e-04, -6.45853055e-01, -1.75480812e+00, -4.61260648e-06,
       -3.66519321e+00, -1.09123534e+00, -6.35733271e-04, -6.86483396e-01,
       -1.76429712e+00,  2.32411546e-07, -3.63926510e+00, -1.08174515e+00,
       -1.19837501e-03, -5.41316641e-01, -1.73384299e+00, -1.58677617e-06,
       -3.60938552e+00, -1.05816052e+00, -2.25972183e-03, -7.64864618e-01,
       -1.78107094e+00, -3.66188357e-07, -3.59466716e+00, -1.06340669e+00,
       -4.28221077e-03, -5.74080363e-01, -1.74120383e+00, -7.06296663e-07,
       -3.56731512e+00, -1.05925507e+00, -8.08217755e-03, -6.58375912e-01,
       -1.76463654e+00, -4.30282865e-07, -3.53333731e+00, -1.05164550e+00,
       -1.52607406e-02, -5.93403280e-01, -1.74537616e+00, -4.28934237e-07,
       -3.48707616e+00, -1.03597245e+00, -2.87841357e-02, -5.64804535e-01,
       -1.73844262e+00, -2.76521589e-07, -3.42679366e+00, -1.01031692e+00,
       -5.42860900e-02, -5.43448433e-01, -1.72953611e+00, -2.19539199e-07,
       -3.34501464e+00, -9.73858261e-01, -1.02341899e-01, -4.16252874e-01,
       -1.68480948e+00, -1.49637330e-07, -3.27935319e+00, -9.09350270e-01,
       -1.95279847e-01, -5.43906426e-01, -1.70285149e+00, -1.16691495e-07,
       -3.13199060e+00, -8.60275685e-01, -3.71760464e-01,  1.29775653e-01,
       -1.73940640e+00, -8.24610108e-08, -2.33294502e+00, -8.01108774e-01,
       -5.54997176e-01,  8.55186574e-01, -1.72629949e+00, -8.94508320e-08,
       -1.60831562e+00, -7.13023562e-01, -8.61062170e-01,  2.37528741e-01,
       -1.81524297e+00, -9.37105427e-08, -8.42288307e-01, -6.56052142e-01,
       -1.39420682e+00,  1.79408801e+00, -1.58249788e+00,  9.54947154e-07,
       -8.66568647e-02, -4.68710725e-01, -2.43037793e+00, -4.36435804e-01,
       -1.53134998e+00,  1.68163017e-01, -3.95851391e-02, -4.18300255e-01,
       -3.67512601e+00, -3.03563527e-01, -1.06578923e+00,  5.36398053e-01,
       -1.76006092e-02, -3.26372233e-01, -3.72097899e+00, -1.78859382e-01,
       -9.87695250e-01,  8.11145893e-01, -5.62925863e-03, -2.04674255e-01,
       -2.74088397e+00, -6.96432657e-02, -8.73467781e-01,  1.07295803e+00],      dtype=float64), constraints=Array([ 1.97407824e-02,  8.14113462e-01,  9.70248151e-02,  4.17412791e-02,
        7.08903554e-01, -1.17071028e-10,  8.21644877e-01,  8.91061248e-02,
        5.08050400e-02,  7.28893376e-01, -3.41975337e-11,  8.35478839e-01,
        8.64332874e-02,  5.41019165e-02,  7.58773404e-01, -7.23173521e-12,
        8.42303674e-01,  8.44888111e-02,  5.63484626e-02,  7.71144443e-01,
       -1.64951608e-12,  8.46230925e-01,  8.36524792e-02,  5.73224405e-02,
        7.78135804e-01, -3.62430086e-13,  8.49534613e-01,  8.30137228e-02,
        5.80599839e-02,  7.83293389e-01, -8.13793477e-14,  8.51692555e-01,
        8.26820405e-02,  5.84435368e-02,  7.86549143e-01, -1.75859327e-14,
        8.53401421e-01,  8.24361203e-02,  5.87273949e-02,  7.88992643e-01,
       -4.43645121e-15,  8.54599669e-01,  8.22881159e-02,  5.88982744e-02,
        7.90665060e-01, -8.97060204e-16,  8.55517364e-01,  8.21795647e-02,
        5.90235490e-02,  7.91915562e-01,  1.53210777e-16,  8.56184208e-01,
        8.21073871e-02,  5.91068482e-02,  7.92811676e-01,  4.44089210e-18,
        8.56687641e-01,  8.20543686e-02,  5.91680291e-02,  7.93480562e-01,
       -2.62012634e-16,  8.57059566e-01,  8.20169997e-02,  5.92111507e-02,
        7.93971090e-01, -7.54951657e-17,  8.57338815e-01,  8.19893972e-02,
        5.92430013e-02,  7.94337358e-01,  5.15143483e-16,  8.61116220e-01,
        8.24003495e-02,  5.87628290e-02,  7.97715418e-01,  6.77236045e-16,
        8.61588877e-01,  8.51606949e-02,  5.55364687e-02,  7.93130207e-01,
        4.66293670e-17,  8.60648980e-01,  8.71999883e-02,  5.32204135e-02,
        7.86582409e-01, -6.79456491e-16,  8.60090460e-01,  8.82189918e-02,
        5.20521516e-02,  7.82904576e-01,  4.10782519e-16,  8.59585825e-01,
        8.87883401e-02,  5.13971647e-02,  7.80611354e-01, -4.70734562e-16,
        8.59244884e-01,  8.90885512e-02,  5.10514184e-02,  7.79279875e-01,
        6.35047570e-16,  8.55939819e-01,  8.96951554e-02,  5.03510080e-02,
        7.74195419e-01,  1.19904087e-16,  8.55579348e-01,  8.97030047e-02,
        5.03426740e-02,  7.73459954e-01, -3.10862447e-17,  8.84894082e-01,
        9.50537932e-02,  4.34982297e-02,  8.03540309e-01,  4.97379915e-16,
        8.89038092e-01,  1.07295118e-01,  2.95350131e-02,  7.78323854e-01,
       -2.39808173e-16,  8.81713156e-01,  1.17954665e-01,  1.73835283e-02,
        7.39882399e-01, -1.42108547e-16,  8.76344486e-01,  1.26197711e-01,
        8.04015551e-03,  7.09081972e-01,  9.03389563e-02,  9.06002454e-01,
        1.32590146e-01,  1.04360964e-16,  7.39384548e-01,  3.57875829e-01,
        9.37748227e-01,  1.33211857e-01, -3.10862447e-17,  7.83553934e-01,
        5.60086020e-01,  9.53102810e-01,  1.33299061e-01, -1.77635684e-17,
        8.24551406e-01,  6.39596461e-01,  9.60637066e-01,  1.33318740e-01,
        1.55431223e-17,  8.43549380e-01, -9.40051693e-14, -5.32348997e-13,
       -2.48194622e-13, -4.51252849e-14,  7.60555832e-13, -1.25116788e-12,
       -1.27644274e-13, -7.88830867e-13,  1.09938557e-13, -1.17219978e-13,
        1.22036213e-12, -1.68977954e-12, -4.86154184e-14, -1.17057132e-13,
        7.32923716e-15,  4.61829088e-14,  1.72283226e-13, -2.37241984e-13,
        7.94896652e-15, -2.65925970e-14,  9.99441431e-16, -8.22596339e-16,
        3.98150605e-14, -5.58444557e-14,  4.03208447e-15, -7.70439725e-15,
       -3.33147144e-16,  1.11638075e-15,  9.29244172e-15, -1.24098790e-14,
        8.06416894e-16, -1.24264472e-15,  3.33147144e-16,  0.00000000e+00,
        1.76352909e-15, -2.32685232e-15,  2.64965551e-15, -4.97057887e-16,
        0.00000000e+00,  5.87568814e-17,  7.46108459e-16,  3.87808720e-16,
       -8.06416894e-16,  4.47352098e-15, -1.33258857e-15,  2.35027526e-16,
        0.00000000e+00, -3.87808720e-16,  4.60809654e-16, -7.45586830e-16,
        9.99441431e-16,  1.17513763e-16, -1.35656084e-16,  3.87808720e-16,
       -1.49763137e-15, -2.48528943e-16, -3.33147144e-16,  4.70055051e-16,
        0.00000000e+00,  7.75617440e-16,  2.18884585e-15,  7.45586830e-16,
        6.66294287e-16, -5.87568814e-17,  6.78280418e-17,  1.16342616e-15,
        2.07364344e-15, -3.23087627e-15, -3.33147144e-16,  1.76270644e-16,
        2.03484125e-16, -3.87808720e-16, -6.91214480e-16,  1.49117366e-15,
       -6.66294287e-16,  1.17513763e-16,  0.00000000e+00,  0.00000000e+00,
        5.76012067e-16, -2.48528943e-16, -6.66294287e-16,  0.00000000e+00,
        1.35656084e-16, -7.75617440e-16, -6.10572791e-15,  2.98234732e-15,
        9.99441431e-16,  2.93784407e-16, -6.78280418e-17,  7.75617440e-16,
       -1.15202413e-16, -9.94115774e-16,  3.33147144e-16, -1.17513763e-16,
        6.78280418e-17, -2.90856540e-16,  6.91214480e-16, -4.97057887e-16,
       -9.99441431e-16,  5.87568814e-17,  2.71312167e-16,  9.69521800e-17,
       -1.61283379e-15, -2.48528943e-16,  6.66294287e-16,  3.52541288e-16,
        6.78280418e-17,  2.90856540e-16,  1.84323861e-15,  3.23087627e-15,
       -3.33147144e-16, -1.76270644e-16,  0.00000000e+00, -8.72569620e-16,
       -3.91688205e-15, -7.45586830e-16,  0.00000000e+00, -5.87568814e-17,
        0.00000000e+00, -9.69521800e-17, -1.15202413e-16, -1.24264472e-15,
        6.66294287e-16, -5.87568814e-17,  0.00000000e+00,  1.06647398e-15,
        4.03208447e-15,  5.21910781e-15, -1.66573572e-15, -3.52541288e-16,
        6.78280418e-17, -1.06647398e-15, -1.95844103e-15, -2.48528943e-16,
        6.66294287e-16, -1.76270644e-16,  0.00000000e+00,  9.69521800e-17,
        4.60809654e-16,  9.94115774e-16,  3.33147144e-16, -1.76270644e-16,
        6.78280418e-17,  4.84760900e-16, -1.15202413e-15,  1.24264472e-15,
       -6.66294287e-16, -5.87568814e-17,  2.03484125e-16, -4.84760900e-16,
       -3.22566757e-15, -4.97057887e-16, -1.49916215e-15, -5.87568814e-17,
        1.35656084e-16,  0.00000000e+00,  4.14728688e-15,  1.24264472e-15,
        1.66573572e-16, -2.93784407e-16, -1.35656084e-16, -6.78665260e-16,
       -1.15202413e-15, -1.73970260e-15, -9.99441431e-16,  1.76270644e-16,
        6.78280418e-17,  9.69521800e-16, -2.99526275e-15, -1.24264472e-15,
        1.66573572e-16,  2.35027526e-16,  3.39140209e-17,  1.06647398e-15],      dtype=float64), iterations=57, kkt_stationarity=0.0199051610823211, kkt_feasibility=1.17071028084422e-10, timing=0.0, message='converged')
[2026-07-22 09:51:49,961][root][INFO] - Function evaluations for node 0: 4096
[2026-07-22 09:51:49,962][root][INFO] - Function evaluations for node 1: 4096
[2026-07-22 09:51:49,962][root][INFO] - Function evaluations for node 2: 4096
[2026-07-22 09:51:49,962][root][INFO] - Function evaluations for node 3: 4096
[2026-07-22 09:51:49,962][root][INFO] - Function evaluations for node 4: 4096
[2026-07-22 09:51:49,962][root][INFO] - Function evaluations for node 5: 4096
[2026-07-22 09:51:49,962][root][INFO] - Function evaluations for node 6: 4096
[2026-07-22 09:51:49,962][root][INFO] - Function evaluations for node 7: 4096
[2026-07-22 09:51:49,962][root][INFO] - Function evaluations for node 8: 4096
[2026-07-22 09:51:49,962][root][INFO] - Function evaluations for node 9: 4096
[2026-07-22 09:51:49,962][root][INFO] - Function evaluations for node 10: 4096
[2026-07-22 09:51:49,962][root][INFO] - Function evaluations for node 11: 4096
[2026-07-22 09:51:49,962][root][INFO] - Function evaluations for node 12: 4096
[2026-07-22 09:51:49,962][root][INFO] - Function evaluations for node 13: 4096
[2026-07-22 09:51:49,962][root][INFO] - Function evaluations for node 14: 4096
[2026-07-22 09:51:49,962][root][INFO] - Function evaluations for node 15: 4096
[2026-07-22 09:51:49,962][root][INFO] - Function evaluations for node 16: 4096
[2026-07-22 09:51:49,962][root][INFO] - Function evaluations for node 17: 4096
[2026-07-22 09:51:49,962][root][INFO] - Function evaluations for node 18: 4096
[2026-07-22 09:51:49,962][root][INFO] - Function evaluations for node 19: 4096
[2026-07-22 09:51:49,962][root][INFO] - Function evaluations for node 20: 4096
[2026-07-22 09:51:49,962][root][INFO] - Function evaluations for node 21: 4096
[2026-07-22 09:51:49,962][root][INFO] - Function evaluations for node 22: 4096
[2026-07-22 09:51:49,962][root][INFO] - Function evaluations for node 23: 4096
[2026-07-22 09:51:49,962][root][INFO] - Function evaluations for node 24: 4096
[2026-07-22 09:51:49,962][root][INFO] - Function evaluations for node 25: 4096
[2026-07-22 09:51:49,962][root][INFO] - Function evaluations for node 26: 4096
[2026-07-22 09:51:49,962][root][INFO] - Function evaluations for node 27: 4096
[2026-07-22 09:51:49,962][root][INFO] - Function evaluations for node 28: 4096
[2026-07-22 09:51:49,963][root][INFO] - Function evaluations for node 29: 4096
[2026-07-22 09:51:50,152][root][INFO] - Integration took 0.06310391426086426 seconds
[2026-07-22 09:51:50,589][root][INFO] - Rollout node 0: feasible 1/1, mean node-cost -1.123, mean cost-to-go (optimiser objective) 0, optimiser viable 1/1
[2026-07-22 09:51:50,589][root][INFO] - Rollout node 0 per-constraint feasible-frac=[1.0, 1.0, 1.0, 1.0, 1.0] worst-margin=[0.02, 0.814, 0.097, 0.042, 0.709]
[2026-07-22 09:51:50,660][root][INFO] - Integration took 0.05837583541870117 seconds
[2026-07-22 09:51:51,011][root][INFO] - Rollout node 1: feasible 0/1, mean node-cost -1.17, mean cost-to-go (optimiser objective) 0, optimiser viable 1/1
[2026-07-22 09:51:51,011][root][INFO] - Rollout node 1 per-constraint feasible-frac=[0.0, 1.0, 1.0, 1.0, 1.0] worst-margin=[-0.0, 0.822, 0.089, 0.051, 0.729]
[2026-07-22 09:51:51,077][root][INFO] - Integration took 0.05811476707458496 seconds
[2026-07-22 09:51:51,426][root][INFO] - Rollout node 2: feasible 0/1, mean node-cost -1.158, mean cost-to-go (optimiser objective) 0, optimiser viable 1/1
[2026-07-22 09:51:51,426][root][INFO] - Rollout node 2 per-constraint feasible-frac=[0.0, 1.0, 1.0, 1.0, 1.0] worst-margin=[-0.0, 0.835, 0.086, 0.054, 0.759]
[2026-07-22 09:51:51,492][root][INFO] - Integration took 0.05809593200683594 seconds
[2026-07-22 09:51:51,845][root][INFO] - Rollout node 3: feasible 0/1, mean node-cost -1.147, mean cost-to-go (optimiser objective) 0, optimiser viable 1/1
[2026-07-22 09:51:51,845][root][INFO] - Rollout node 3 per-constraint feasible-frac=[0.0, 1.0, 1.0, 1.0, 1.0] worst-margin=[-0.0, 0.842, 0.084, 0.056, 0.771]
[2026-07-22 09:51:51,912][root][INFO] - Integration took 0.058879852294921875 seconds
[2026-07-22 09:51:52,261][root][INFO] - Rollout node 4: feasible 0/1, mean node-cost -1.144, mean cost-to-go (optimiser objective) 0, optimiser viable 1/1
[2026-07-22 09:51:52,261][root][INFO] - Rollout node 4 per-constraint feasible-frac=[0.0, 1.0, 1.0, 1.0, 1.0] worst-margin=[-0.0, 0.846, 0.084, 0.057, 0.778]
[2026-07-22 09:51:52,327][root][INFO] - Integration took 0.05819416046142578 seconds
[2026-07-22 09:51:54,863][root][INFO] - Rollout node 5: feasible 0/1, mean node-cost -1.139, mean cost-to-go (optimiser objective) 0, optimiser viable 1/1
[2026-07-22 09:51:54,863][root][INFO] - Rollout node 5 per-constraint feasible-frac=[0.0, 1.0, 1.0, 1.0, 1.0] worst-margin=[-0.0, 0.85, 0.083, 0.058, 0.783]
[2026-07-22 09:51:54,930][root][INFO] - Integration took 0.058025360107421875 seconds
[2026-07-22 09:51:55,275][root][INFO] - Rollout node 6: feasible 0/1, mean node-cost -1.136, mean cost-to-go (optimiser objective) 0, optimiser viable 1/1
[2026-07-22 09:51:55,276][root][INFO] - Rollout node 6 per-constraint feasible-frac=[0.0, 1.0, 1.0, 1.0, 1.0] worst-margin=[-0.0, 0.852, 0.083, 0.058, 0.787]
[2026-07-22 09:51:55,341][root][INFO] - Integration took 0.05764889717102051 seconds
[2026-07-22 09:51:55,697][root][INFO] - Rollout node 7: feasible 0/1, mean node-cost -1.133, mean cost-to-go (optimiser objective) 0, optimiser viable 1/1
[2026-07-22 09:51:55,697][root][INFO] - Rollout node 7 per-constraint feasible-frac=[0.0, 1.0, 1.0, 1.0, 1.0] worst-margin=[-0.0, 0.853, 0.082, 0.059, 0.789]
[2026-07-22 09:51:55,762][root][INFO] - Integration took 0.05723094940185547 seconds
[2026-07-22 09:51:56,112][root][INFO] - Rollout node 8: feasible 0/1, mean node-cost -1.131, mean cost-to-go (optimiser objective) 0, optimiser viable 1/1
[2026-07-22 09:51:56,112][root][INFO] - Rollout node 8 per-constraint feasible-frac=[0.0, 1.0, 1.0, 1.0, 1.0] worst-margin=[-0.0, 0.855, 0.082, 0.059, 0.791]
[2026-07-22 09:51:56,178][root][INFO] - Integration took 0.05743694305419922 seconds
[2026-07-22 09:51:56,521][root][INFO] - Rollout node 9: feasible 0/1, mean node-cost -1.13, mean cost-to-go (optimiser objective) 0, optimiser viable 1/1
[2026-07-22 09:51:56,521][root][INFO] - Rollout node 9 per-constraint feasible-frac=[0.0, 1.0, 1.0, 1.0, 1.0] worst-margin=[-0.0, 0.856, 0.082, 0.059, 0.792]
[2026-07-22 09:51:56,587][root][INFO] - Integration took 0.05748319625854492 seconds
[2026-07-22 09:51:56,931][root][INFO] - Rollout node 10: feasible 0/1, mean node-cost -1.129, mean cost-to-go (optimiser objective) 0, optimiser viable 1/1
[2026-07-22 09:51:56,931][root][INFO] - Rollout node 10 per-constraint feasible-frac=[0.0, 1.0, 1.0, 1.0, 1.0] worst-margin=[-0.0, 0.856, 0.082, 0.059, 0.793]
[2026-07-22 09:51:56,997][root][INFO] - Integration took 0.05743098258972168 seconds
[2026-07-22 09:51:57,339][root][INFO] - Rollout node 11: feasible 0/1, mean node-cost -1.128, mean cost-to-go (optimiser objective) 0, optimiser viable 1/1
[2026-07-22 09:51:57,339][root][INFO] - Rollout node 11 per-constraint feasible-frac=[0.0, 1.0, 1.0, 1.0, 1.0] worst-margin=[-0.0, 0.857, 0.082, 0.059, 0.793]
[2026-07-22 09:51:57,402][root][INFO] - Integration took 0.05701303482055664 seconds
[2026-07-22 09:51:57,747][root][INFO] - Rollout node 12: feasible 0/1, mean node-cost -1.128, mean cost-to-go (optimiser objective) 0, optimiser viable 1/1
[2026-07-22 09:51:57,747][root][INFO] - Rollout node 12 per-constraint feasible-frac=[0.0, 1.0, 1.0, 1.0, 1.0] worst-margin=[-0.0, 0.857, 0.082, 0.059, 0.794]
[2026-07-22 09:51:57,812][root][INFO] - Integration took 0.05773305892944336 seconds
[2026-07-22 09:51:58,158][root][INFO] - Rollout node 13: feasible 0/1, mean node-cost -1.127, mean cost-to-go (optimiser objective) 0, optimiser viable 1/1
[2026-07-22 09:51:58,159][root][INFO] - Rollout node 13 per-constraint feasible-frac=[0.0, 1.0, 1.0, 1.0, 1.0] worst-margin=[-0.0, 0.857, 0.082, 0.059, 0.794]
[2026-07-22 09:51:58,224][root][INFO] - Integration took 0.057372093200683594 seconds
[2026-07-22 09:51:58,569][root][INFO] - Rollout node 14: feasible 0/1, mean node-cost -1.107, mean cost-to-go (optimiser objective) 0, optimiser viable 1/1
[2026-07-22 09:51:58,570][root][INFO] - Rollout node 14 per-constraint feasible-frac=[0.0, 1.0, 1.0, 1.0, 1.0] worst-margin=[-0.0, 0.861, 0.082, 0.059, 0.798]
[2026-07-22 09:51:58,635][root][INFO] - Integration took 0.05773019790649414 seconds
[2026-07-22 09:51:58,981][root][INFO] - Rollout node 15: feasible 0/1, mean node-cost -1.099, mean cost-to-go (optimiser objective) 0, optimiser viable 1/1
[2026-07-22 09:51:58,981][root][INFO] - Rollout node 15 per-constraint feasible-frac=[0.0, 1.0, 1.0, 1.0, 1.0] worst-margin=[-0.0, 0.862, 0.085, 0.056, 0.793]
[2026-07-22 09:51:59,047][root][INFO] - Integration took 0.0577700138092041 seconds
[2026-07-22 09:51:59,394][root][INFO] - Rollout node 16: feasible 0/1, mean node-cost -1.098, mean cost-to-go (optimiser objective) 0, optimiser viable 1/1
[2026-07-22 09:51:59,394][root][INFO] - Rollout node 16 per-constraint feasible-frac=[0.0, 1.0, 1.0, 1.0, 1.0] worst-margin=[-0.0, 0.861, 0.087, 0.053, 0.787]
[2026-07-22 09:51:59,461][root][INFO] - Integration took 0.05847501754760742 seconds
[2026-07-22 09:51:59,812][root][INFO] - Rollout node 17: feasible 0/1, mean node-cost -1.096, mean cost-to-go (optimiser objective) 0, optimiser viable 1/1
[2026-07-22 09:51:59,812][root][INFO] - Rollout node 17 per-constraint feasible-frac=[0.0, 1.0, 1.0, 1.0, 1.0] worst-margin=[-0.0, 0.86, 0.088, 0.052, 0.783]
[2026-07-22 09:51:59,878][root][INFO] - Integration took 0.057943105697631836 seconds
[2026-07-22 09:52:00,224][root][INFO] - Rollout node 18: feasible 0/1, mean node-cost -1.096, mean cost-to-go (optimiser objective) 0, optimiser viable 1/1
[2026-07-22 09:52:00,224][root][INFO] - Rollout node 18 per-constraint feasible-frac=[0.0, 1.0, 1.0, 1.0, 1.0] worst-margin=[-0.0, 0.86, 0.089, 0.051, 0.781]
[2026-07-22 09:52:00,290][root][INFO] - Integration took 0.05804324150085449 seconds
[2026-07-22 09:52:00,637][root][INFO] - Rollout node 19: feasible 0/1, mean node-cost -1.095, mean cost-to-go (optimiser objective) 0, optimiser viable 1/1
[2026-07-22 09:52:00,638][root][INFO] - Rollout node 19 per-constraint feasible-frac=[0.0, 1.0, 1.0, 1.0, 1.0] worst-margin=[-0.0, 0.859, 0.089, 0.051, 0.779]
[2026-07-22 09:52:00,707][root][INFO] - Integration took 0.061398983001708984 seconds
[2026-07-22 09:52:01,054][root][INFO] - Rollout node 20: feasible 0/1, mean node-cost -1.106, mean cost-to-go (optimiser objective) 0, optimiser viable 1/1
[2026-07-22 09:52:01,054][root][INFO] - Rollout node 20 per-constraint feasible-frac=[0.0, 1.0, 1.0, 1.0, 1.0] worst-margin=[-0.0, 0.856, 0.09, 0.05, 0.774]
[2026-07-22 09:52:01,121][root][INFO] - Integration took 0.058179616928100586 seconds
[2026-07-22 09:52:01,465][root][INFO] - Rollout node 21: feasible 0/1, mean node-cost -1.104, mean cost-to-go (optimiser objective) 0, optimiser viable 1/1
[2026-07-22 09:52:01,465][root][INFO] - Rollout node 21 per-constraint feasible-frac=[0.0, 1.0, 1.0, 1.0, 1.0] worst-margin=[-0.0, 0.856, 0.09, 0.05, 0.773]
[2026-07-22 09:52:01,532][root][INFO] - Integration took 0.058492183685302734 seconds
[2026-07-22 09:52:01,876][root][INFO] - Rollout node 22: feasible 0/1, mean node-cost -0.9909, mean cost-to-go (optimiser objective) 0, optimiser viable 1/1
[2026-07-22 09:52:01,876][root][INFO] - Rollout node 22 per-constraint feasible-frac=[0.0, 1.0, 1.0, 1.0, 1.0] worst-margin=[-0.0, 0.885, 0.095, 0.043, 0.804]
[2026-07-22 09:52:01,942][root][INFO] - Integration took 0.05785012245178223 seconds
[2026-07-22 09:52:02,289][root][INFO] - Rollout node 23: feasible 0/1, mean node-cost -1.05, mean cost-to-go (optimiser objective) 0, optimiser viable 1/1
[2026-07-22 09:52:02,289][root][INFO] - Rollout node 23 per-constraint feasible-frac=[0.0, 1.0, 1.0, 1.0, 1.0] worst-margin=[-0.0, 0.889, 0.107, 0.03, 0.778]
[2026-07-22 09:52:02,355][root][INFO] - Integration took 0.05826902389526367 seconds
[2026-07-22 09:52:02,700][root][INFO] - Rollout node 24: feasible 0/1, mean node-cost -1.146, mean cost-to-go (optimiser objective) 0, optimiser viable 1/1
[2026-07-22 09:52:02,700][root][INFO] - Rollout node 24 per-constraint feasible-frac=[0.0, 1.0, 1.0, 1.0, 1.0] worst-margin=[-0.0, 0.882, 0.118, 0.017, 0.74]
[2026-07-22 09:52:02,766][root][INFO] - Integration took 0.057717084884643555 seconds
[2026-07-22 09:52:03,110][root][INFO] - Rollout node 25: feasible 0/1, mean node-cost -1.225, mean cost-to-go (optimiser objective) 0, optimiser viable 1/1
[2026-07-22 09:52:03,111][root][INFO] - Rollout node 25 per-constraint feasible-frac=[0.0, 1.0, 1.0, 1.0, 1.0] worst-margin=[-0.0, 0.876, 0.126, 0.008, 0.709]
[2026-07-22 09:52:03,177][root][INFO] - Integration took 0.05815315246582031 seconds
[2026-07-22 09:52:03,528][root][INFO] - Rollout node 26: feasible 0/1, mean node-cost -1.004, mean cost-to-go (optimiser objective) 0, optimiser viable 1/1
[2026-07-22 09:52:03,528][root][INFO] - Rollout node 26 per-constraint feasible-frac=[1.0, 1.0, 1.0, 0.0, 1.0] worst-margin=[0.09, 0.906, 0.133, -0.0, 0.739]
[2026-07-22 09:52:03,595][root][INFO] - Integration took 0.058174848556518555 seconds
[2026-07-22 09:52:03,945][root][INFO] - Rollout node 27: feasible 0/1, mean node-cost -0.7107, mean cost-to-go (optimiser objective) 0, optimiser viable 1/1
[2026-07-22 09:52:03,945][root][INFO] - Rollout node 27 per-constraint feasible-frac=[1.0, 1.0, 1.0, 0.0, 1.0] worst-margin=[0.358, 0.938, 0.133, -0.0, 0.784]
[2026-07-22 09:52:04,011][root][INFO] - Integration took 0.0577700138092041 seconds
[2026-07-22 09:52:04,357][root][INFO] - Rollout node 28: feasible 0/1, mean node-cost -0.565, mean cost-to-go (optimiser objective) 0, optimiser viable 1/1
[2026-07-22 09:52:04,357][root][INFO] - Rollout node 28 per-constraint feasible-frac=[1.0, 1.0, 1.0, 0.0, 1.0] worst-margin=[0.56, 0.953, 0.133, -0.0, 0.825]
[2026-07-22 09:52:04,423][root][INFO] - Integration took 0.05809926986694336 seconds
[2026-07-22 09:52:04,773][root][INFO] - Rollout node 29: feasible 0/1, mean node-cost -0.4807, mean cost-to-go (optimiser objective) 0, optimiser viable 1/1
[2026-07-22 09:52:04,773][root][INFO] - Rollout node 29 per-constraint feasible-frac=[1.0, 1.0, 1.0, 0.0, 1.0] worst-margin=[0.64, 0.961, 0.133, -0.0, 0.844]
[2026-07-22 09:52:05,821][root][INFO] - Saved rollout trajectory plot to rollout_trajectory.png (rollout, monolithic)
